
> app@0.1.0 build
> next build

node.exe : ΓÜá Warning: 
Next.js inferred your 
workspace root, but it may 
not be correct.
At line:1 char:1
+ & "C:\Program 
Files\nodejs/node.exe" 
"C:\Program 
Files\nodejs/node_mo ...
+ ~~~~~~~~~~~~~~~~~~~~~~~~~~~
~~~~~~~~~~~~~~~~~~~~~~~~~~~~~
~~~~~~~~~~~~~
    + CategoryInfo           
   : NotSpecified: (ΓÜá War  
  ning: Ne...not be correc   
 t.:String) [], RemoteExc    
eption
    + FullyQualifiedErrorId  
   : NativeCommandError
 
 We detected multiple 
lockfiles and selected the 
directory of C:\Users\kylem\p
ackage-lock.json as the root 
directory.
 To silence this warning, 
set `turbopack.root` in your 
Next.js config, or consider 
removing one of the 
lockfiles if it's not needed.
   See https://nextjs.org/doc
s/app/api-reference/config/ne
xt-config-js/turbopack#root-d
irectory for more 
information.
 Detected additional 
lockfiles: 
   * C:\Users\kylem\.gemini\a
ntigravity\scratch\Iphone-AI-
KEYBOARD\package-lock.json

Γû▓ Next.js 16.1.6 (Turbopack)

  Creating an optimized production build ...
Error: Cannot apply unknown 
utility class 
`border-border`. Are you 
using CSS modules or similar 
and missing `@reference`? htt
ps://tailwindcss.com/docs/fun
ctions-and-directives#referen
ce-directive
    [2m[at 
onInvalidCandidate (C:\Users\
kylem\.gemini\antigravity\scr
atch\Iphone-AI-KEYBOARD\node_
modules\tailwindcss\dist\lib.
js:21:1314)][0m
    [2m[at Te (C:\Users\kyle
m\.gemini\antigravity\scratch
\Iphone-AI-KEYBOARD\node_modu
les\tailwindcss\dist\lib.js:1
6:36652)][0m
    [2m[at C:\Users\kylem\.g
emini\antigravity\scratch\Iph
one-AI-KEYBOARD\node_modules\
tailwindcss\dist\lib.js:21:35
5][0m
    [2m[at Rr (C:\Users\kyle
m\.gemini\antigravity\scratch
\Iphone-AI-KEYBOARD\node_modu
les\tailwindcss\dist\lib.js:3
:1718)][0m
    [2m[at _ (C:\Users\kylem
\.gemini\antigravity\scratch\
Iphone-AI-KEYBOARD\node_modul
es\tailwindcss\dist\lib.js:3:
1377)][0m
    [2m[at $e (C:\Users\kyle
m\.gemini\antigravity\scratch
\Iphone-AI-KEYBOARD\node_modu
les\tailwindcss\dist\lib.js:2
1:172)][0m
    [2m[at un (C:\Users\kyle
m\.gemini\antigravity\scratch
\Iphone-AI-KEYBOARD\node_modu
les\tailwindcss\dist\lib.js:3
8:294)][0m
    [2m[at process.processTi
cksAndRejections (node:intern
al/process/task_queues:103:5)
][0m
    [2m[at async cn (C:\User
s\kylem\.gemini\antigravity\s
cratch\Iphone-AI-KEYBOARD\nod
e_modules\tailwindcss\dist\li
b.js:38:631)][0m
    [2m[at async Xr (C:\User
s\kylem\.gemini\antigravity\s
cratch\Iphone-AI-KEYBOARD\nod
e_modules\@tailwindcss\node\d
ist\index.js:10:3417)][0m

> Build error occurred
Error: Turbopack build 
failed with 1 errors:
./.gemini/antigravity/scratch
/Iphone-AI-KEYBOARD/src/app/g
lobals.css
Error evaluating Node.js code
CssSyntaxError: tailwindcss: 
C:\Users\kylem\.gemini\antigr
avity\scratch\Iphone-AI-KEYBO
ARD\src\app\globals.css:1:1: 
Cannot apply unknown utility 
class `border-border`. Are 
you using CSS modules or 
similar and missing 
`@reference`? https://tailwin
dcss.com/docs/functions-and-d
irectives#reference-directive
    at Input.error (.gemini/a
ntigravity/scratch/Iphone-AI-
KEYBOARD/node_modules/postcss
/lib/input.js:135:16) [C:\Use
rs\kylem\.gemini\antigravity\
scratch\Iphone-AI-KEYBOARD\.n
ext\build\chunks\44a25_4794bd
67._.js:4651:22]
    at Root.error (.gemini/an
tigravity/scratch/Iphone-AI-K
EYBOARD/node_modules/postcss/
lib/node.js:146:32) [C:\Users
\kylem\.gemini\antigravity\sc
ratch\Iphone-AI-KEYBOARD\.nex
t\build\chunks\44a25_4794bd67
._.js:928:38]
    [at Object.Once (C:\Users
\kylem\.gemini\antigravity\sc
ratch\Iphone-AI-KEYBOARD\node
_modules\@tailwindcss\postcss
\dist\index.js:10:6911)]
    [at process.processTicksA
ndRejections (node:internal/p
rocess/task_queues:103:5)]
    at async 
LazyResult.runAsync (.gemini/
antigravity/scratch/Iphone-AI
-KEYBOARD/node_modules/postcs
s/lib/lazy-result.js:293:11) 
[C:\Users\kylem\.gemini\antig
ravity\scratch\Iphone-AI-KEYB
OARD\.next\build\chunks\44a25
_4794bd67._.js:6206:21]
    at async transform (turbo
pack:///[turbopack-node]/tran
sforms/postcss.ts:70:34) [C:\
Users\kylem\.gemini\antigravi
ty\scratch\Iphone-AI-KEYBOARD
\.next\build\chunks\[root-of-
the-server]__07fbdc9c._.js:14
6:36]
    at async run (turbopack:/
//[turbopack-node]/ipc/evalua
te.ts:92:23) [C:\Users\kylem\
.gemini\antigravity\scratch\I
phone-AI-KEYBOARD\.next\build
\chunks\[root-of-the-server]_
_625c5959._.js:443:31]

Import trace:
  Client Component Browser:
    ./.gemini/antigravity/scr
atch/Iphone-AI-KEYBOARD/src/a
pp/globals.css [Client 
Component Browser]
    ./.gemini/antigravity/scr
atch/Iphone-AI-KEYBOARD/src/a
pp/layout.tsx [Server 
Component]


    at async transform (turbo
pack:///[turbopack-node]/tran
sforms/postcss.ts:70:34) [C:\
Users\kylem\.gemini\antigravi
ty\scratch\Iphone-AI-KEYBOARD
\.next\build\chunks\[root-of-
the-server]__07fbdc9c._.js:14
6:36])
    at async run (turbopack:/
//[turbopack-node]/ipc/evalua
te.ts:92:23) [C:\Users\kylem\
.gemini\antigravity\scratch\I
phone-AI-KEYBOARD\.next\build
\chunks\[root-of-the-server]_
_625c5959._.js:443:31])
